=== PROVIDER ROUTER TEST REPORT ===
Date: Thu Jul 23 21:39:20 +06 2026
Status: ✅ ALL TESTS PASSED
Provider: Groq (Primary for Python Coding)
Response Time: 245ms
Log: development/15_AI_Brain/Logs/provider_router.log
